============================= test session starts =============================
platform win32 -- Python 3.11.9, pytest-9.0.2, pluggy-1.6.0
rootdir: C:\Users\ggrft\PycharmProjects\personal-expense-report
configfile: pyproject.toml
plugins: anyio-4.12.1
collected 30 items

app-backend\tests\test_data_processor.py ..........                      [ 33%]
app-backend\tests\test_main.py ..........                                [ 66%]
tests\test_ci_setup.py s.                                                [ 73%]
tests\test_data_processor.py ....                                        [ 86%]
tests\test_db.py ....                                                    [100%]

============================== warnings summary ===============================
app-backend\main.py:20
  C:\Users\ggrft\PycharmProjects\personal-expense-report\app-backend\main.py:20: DeprecationWarning: 
          on_event is deprecated, use lifespan event handlers instead.
  
          Read more about it in the
          [FastAPI docs for Lifespan Events](https://fastapi.tiangolo.com/advanced/events/).
          
    @app.on_event("startup")

.venv\Lib\site-packages\fastapi\applications.py:4599
  C:\Users\ggrft\PycharmProjects\personal-expense-report\.venv\Lib\site-packages\fastapi\applications.py:4599: DeprecationWarning: 
          on_event is deprecated, use lifespan event handlers instead.
  
          Read more about it in the
          [FastAPI docs for Lifespan Events](https://fastapi.tiangolo.com/advanced/events/).
          
    return self.router.on_event(event_type)

-- Docs: https://docs.pytest.org/en/stable/how-to/capture-warnings.html
================== 29 passed, 1 skipped, 2 warnings in 0.93s ==================